// Jest Snapshot v1, https://goo.gl/fbAQLP

exports[`<HeaderBar /> Should render and match the snapshot 1`] = `
<RCTSafeAreaView
  emulateUnlessSupported={true}
  style={
    Object {
      "backgroundColor": "#566ed3",
    }
  }
>
  <View
    style={
      Object {
        "flexDirection": "row",
        "padding": 15,
      }
    }
  >
    <<SearchBarInput />
      setText={[Function]}
      text=""
    />
    <View
      accessible={true}
      focusable={true}
      isTVSelectable={true}
      onClick={[Function]}
      onResponderGrant={[Function]}
      onResponderMove={[Function]}
      onResponderRelease={[Function]}
      onResponderTerminate={[Function]}
      onResponderTerminationRequest={[Function]}
      onStartShouldSetResponder={[Function]}
      style={
        Object {
          "alignItems": "center",
          "justifyContent": "center",
          "marginLeft": 15,
        }
      }
    >
      <Text
        style={
          Object {
            "color": "#fff",
            "fontSize": 14,
            "fontWeight": "500",
          }
        }
      >
        Cancel
      </Text>
    </View>
  </View>
</RCTSafeAreaView>
`;
